[debug] [2026-01-08T14:57:34.479Z] ----------------------------------------------------------------------
[debug] [2026-01-08T14:57:34.490Z] Command:       C:\Program Files\nodejs\node.exe C:\Users\Admin\Documents\Code College Repositories\React - Code College\Classwork\Chapter_09_src\my-app\%USERPROFILE%\AppData\Roaming\npm\node_modules\firebase-tools\lib\bin\firebase.js deploy
[debug] [2026-01-08T14:57:34.492Z] CLI Version:   14.27.0
[debug] [2026-01-08T14:57:34.492Z] Platform:      win32
[debug] [2026-01-08T14:57:34.493Z] Node Version:  v22.16.0
[debug] [2026-01-08T14:57:34.494Z] Time:          Thu Jan 08 2026 16:57:34 GMT+0200 (South Africa Standard Time)
[debug] [2026-01-08T14:57:34.494Z] ----------------------------------------------------------------------
[debug] 
[debug] [2026-01-08T14:57:37.353Z] > command requires scopes: ["email","openid","https://www.googleapis.com/auth/cloudplatformprojects.readonly","https://www.googleapis.com/auth/firebase","https://www.googleapis.com/auth/cloud-platform"]
[debug] [2026-01-08T14:57:37.354Z] > authorizing via signed-in user (kabeloxabendlini385@gmail.com)
[debug] [2026-01-08T14:57:37.355Z] [iam] checking project my-app-vite-5861d for permissions ["firebase.projects.get","firebasehosting.sites.update"]
[debug] [2026-01-08T14:57:37.363Z] Checked if tokens are valid: false, expires at: 1767817567531
[debug] [2026-01-08T14:57:37.363Z] Checked if tokens are valid: false, expires at: 1767817567531
[debug] [2026-01-08T14:57:37.364Z] > refreshing access token with scopes: []
[debug] [2026-01-08T14:57:37.370Z] >>> [apiv2][query] POST https://www.googleapis.com/oauth2/v3/token [none]
[debug] [2026-01-08T14:57:37.388Z] >>> [apiv2][body] POST https://www.googleapis.com/oauth2/v3/token [omitted]
[debug] [2026-01-08T14:57:38.657Z] <<< [apiv2][status] POST https://www.googleapis.com/oauth2/v3/token 200
[debug] [2026-01-08T14:57:38.658Z] <<< [apiv2][body] POST https://www.googleapis.com/oauth2/v3/token [omitted]
[debug] [2026-01-08T14:57:38.688Z] >>> [apiv2][query] POST https://cloudresourcemanager.googleapis.com/v1/projects/my-app-vite-5861d:testIamPermissions [none]
[debug] [2026-01-08T14:57:38.688Z] >>> [apiv2][(partial)header] POST https://cloudresourcemanager.googleapis.com/v1/projects/my-app-vite-5861d:testIamPermissions x-goog-quota-user=projects/my-app-vite-5861d
[debug] [2026-01-08T14:57:38.688Z] >>> [apiv2][body] POST https://cloudresourcemanager.googleapis.com/v1/projects/my-app-vite-5861d:testIamPermissions {"permissions":["firebase.projects.get","firebasehosting.sites.update"]}
[debug] [2026-01-08T14:57:40.392Z] <<< [apiv2][status] POST https://cloudresourcemanager.googleapis.com/v1/projects/my-app-vite-5861d:testIamPermissions 200
[debug] [2026-01-08T14:57:40.392Z] <<< [apiv2][body] POST https://cloudresourcemanager.googleapis.com/v1/projects/my-app-vite-5861d:testIamPermissions {"permissions":["firebase.projects.get","firebasehosting.sites.update"]}
[debug] [2026-01-08T14:57:40.394Z] Checked if tokens are valid: true, expires at: 1767887857658
[debug] [2026-01-08T14:57:40.394Z] Checked if tokens are valid: true, expires at: 1767887857658
[debug] [2026-01-08T14:57:40.395Z] >>> [apiv2][query] GET https://firebase.googleapis.com/v1beta1/projects/my-app-vite-5861d [none]
[debug] [2026-01-08T14:57:59.641Z] *** [apiv2] error from fetch(https://firebase.googleapis.com/v1beta1/projects/my-app-vite-5861d, {"headers":{},"method":"GET","signal":{"reason":""}}): FetchError: request to https://firebase.googleapis.com/v1beta1/projects/my-app-vite-5861d failed, reason: read ECONNRESET
[debug] [2026-01-08T14:57:59.642Z] Failed to make request to https://firebase.googleapis.com/v1beta1/projects/my-app-vite-5861d (original: request to https://firebase.googleapis.com/v1beta1/projects/my-app-vite-5861d failed, reason: read ECONNRESET)
[debug] [2026-01-08T14:58:04.664Z] Error: Timed out.
    at Timeout._onTimeout (C:\Users\Admin\Documents\Code College Repositories\React - Code College\Classwork\Chapter_09_src\my-app\%USERPROFILE%\AppData\Roaming\npm\node_modules\firebase-tools\lib\utils.js:275:49)
    at listOnTimeout (node:internal/timers:588:17)
    at process.processTimers (node:internal/timers:523:7)
[error] 
[error] Error: An unexpected error has occurred.
